<?xml version="1.0" encoding="ISO-8859-1" ?>
<link_info>
   <banner>TI ARM Linker PC v20.2.0.LTS</banner>
   <copyright>Copyright (c) 1996-2018 Texas Instruments Incorporated</copyright>
   <link_time>0x5f049412</link_time>
   <link_errors>0x0</link_errors>
   <output_file>RobotCentering.out</output_file>
   <entry_point>
      <name>_c_int00_noargs</name>
      <address>0x1eed</address>
   </entry_point>
   <input_file_list>
      <input_file id="fl-2">
         <path>.\</path>
         <kind>object</kind>
         <file>i2c.obj</file>
         <name>i2c.obj</name>
      </input_file>
      <input_file id="fl-3">
         <path>.\</path>
         <kind>object</kind>
         <file>main.obj</file>
         <name>main.obj</name>
      </input_file>
      <input_file id="fl-4">
         <path>.\</path>
         <kind>object</kind>
         <file>pca9685.obj</file>
         <name>pca9685.obj</name>
      </input_file>
      <input_file id="fl-5">
         <path>.\</path>
         <kind>object</kind>
         <file>startup_msp432p401r_ccs.obj</file>
         <name>startup_msp432p401r_ccs.obj</name>
      </input_file>
      <input_file id="fl-6">
         <path>.\</path>
         <kind>object</kind>
         <file>system_msp432p401r.obj</file>
         <name>system_msp432p401r.obj</name>
      </input_file>
      <input_file id="fl-a">
         <kind>object</kind>
         <file>&lt;internal&gt;</file>
         <name>&lt;internal&gt;</name>
      </input_file>
      <input_file id="fl-c0">
         <path>C:\ti\ccs1000\ccs\tools\compiler\ti-cgt-arm_20.2.0.LTS\lib\</path>
         <kind>archive</kind>
         <file>rtsv7M4_T_le_v4SPD16_eabi.lib</file>
         <name>s_round.c.obj</name>
      </input_file>
      <input_file id="fl-c1">
         <path>C:\ti\ccs1000\ccs\tools\compiler\ti-cgt-arm_20.2.0.LTS\lib\</path>
         <kind>archive</kind>
         <file>rtsv7M4_T_le_v4SPD16_eabi.lib</file>
         <name>fd_add_t2.asm.obj</name>
      </input_file>
      <input_file id="fl-c2">
         <path>C:\ti\ccs1000\ccs\tools\compiler\ti-cgt-arm_20.2.0.LTS\lib\</path>
         <kind>archive</kind>
         <file>rtsv7M4_T_le_v4SPD16_eabi.lib</file>
         <name>fd_cmp_t2.asm.obj</name>
      </input_file>
      <input_file id="fl-c3">
         <path>C:\ti\ccs1000\ccs\tools\compiler\ti-cgt-arm_20.2.0.LTS\lib\</path>
         <kind>archive</kind>
         <file>rtsv7M4_T_le_v4SPD16_eabi.lib</file>
         <name>fd_mul_t2.asm.obj</name>
      </input_file>
      <input_file id="fl-c4">
         <path>C:\ti\ccs1000\ccs\tools\compiler\ti-cgt-arm_20.2.0.LTS\lib\</path>
         <kind>archive</kind>
         <file>rtsv7M4_T_le_v4SPD16_eabi.lib</file>
         <name>fd_toi_t2.asm.obj</name>
      </input_file>
      <input_file id="fl-c5">
         <path>C:\ti\ccs1000\ccs\tools\compiler\ti-cgt-arm_20.2.0.LTS\lib\</path>
         <kind>archive</kind>
         <file>rtsv7M4_T_le_v4SPD16_eabi.lib</file>
         <name>i_tofd_t2.asm.obj</name>
      </input_file>
      <input_file id="fl-c6">
         <path>C:\ti\ccs1000\ccs\tools\compiler\ti-cgt-arm_20.2.0.LTS\lib\</path>
         <kind>archive</kind>
         <file>rtsv7M4_T_le_v4SPD16_eabi.lib</file>
         <name>copy_zero_init.c.obj</name>
      </input_file>
      <input_file id="fl-c7">
         <path>C:\ti\ccs1000\ccs\tools\compiler\ti-cgt-arm_20.2.0.LTS\lib\</path>
         <kind>archive</kind>
         <file>rtsv7M4_T_le_v4SPD16_eabi.lib</file>
         <name>copy_decompress_none.c.obj</name>
      </input_file>
      <input_file id="fl-c8">
         <path>C:\ti\ccs1000\ccs\tools\compiler\ti-cgt-arm_20.2.0.LTS\lib\</path>
         <kind>archive</kind>
         <file>rtsv7M4_T_le_v4SPD16_eabi.lib</file>
         <name>copy_decompress_lzss.c.obj</name>
      </input_file>
      <input_file id="fl-c9">
         <path>C:\ti\ccs1000\ccs\tools\compiler\ti-cgt-arm_20.2.0.LTS\lib\</path>
         <kind>archive</kind>
         <file>rtsv7M4_T_le_v4SPD16_eabi.lib</file>
         <name>assert.c.obj</name>
      </input_file>
      <input_file id="fl-ca">
         <path>C:\ti\ccs1000\ccs\tools\compiler\ti-cgt-arm_20.2.0.LTS\lib\</path>
         <kind>archive</kind>
         <file>rtsv7M4_T_le_v4SPD16_eabi.lib</file>
         <name>defs.c.obj</name>
      </input_file>
      <input_file id="fl-cb">
         <path>C:\ti\ccs1000\ccs\tools\compiler\ti-cgt-arm_20.2.0.LTS\lib\</path>
         <kind>archive</kind>
         <file>rtsv7M4_T_le_v4SPD16_eabi.lib</file>
         <name>boot_cortex_m.c.obj</name>
      </input_file>
      <input_file id="fl-cc">
         <path>C:\ti\ccs1000\ccs\tools\compiler\ti-cgt-arm_20.2.0.LTS\lib\</path>
         <kind>archive</kind>
         <file>rtsv7M4_T_le_v4SPD16_eabi.lib</file>
         <name>s_floor.c.obj</name>
      </input_file>
      <input_file id="fl-cd">
         <path>C:\ti\ccs1000\ccs\tools\compiler\ti-cgt-arm_20.2.0.LTS\lib\</path>
         <kind>archive</kind>
         <file>rtsv7M4_T_le_v4SPD16_eabi.lib</file>
         <name>fflush.c.obj</name>
      </input_file>
      <input_file id="fl-ce">
         <path>C:\ti\ccs1000\ccs\tools\compiler\ti-cgt-arm_20.2.0.LTS\lib\</path>
         <kind>archive</kind>
         <file>rtsv7M4_T_le_v4SPD16_eabi.lib</file>
         <name>fputs.c.obj</name>
      </input_file>
      <input_file id="fl-cf">
         <path>C:\ti\ccs1000\ccs\tools\compiler\ti-cgt-arm_20.2.0.LTS\lib\</path>
         <kind>archive</kind>
         <file>rtsv7M4_T_le_v4SPD16_eabi.lib</file>
         <name>_io_perm.c.obj</name>
      </input_file>
      <input_file id="fl-d0">
         <path>C:\ti\ccs1000\ccs\tools\compiler\ti-cgt-arm_20.2.0.LTS\lib\</path>
         <kind>archive</kind>
         <file>rtsv7M4_T_le_v4SPD16_eabi.lib</file>
         <name>setvbuf.c.obj</name>
      </input_file>
      <input_file id="fl-d1">
         <path>C:\ti\ccs1000\ccs\tools\compiler\ti-cgt-arm_20.2.0.LTS\lib\</path>
         <kind>archive</kind>
         <file>rtsv7M4_T_le_v4SPD16_eabi.lib</file>
         <name>memcpy_t2.asm.obj</name>
      </input_file>
      <input_file id="fl-d2">
         <path>C:\ti\ccs1000\ccs\tools\compiler\ti-cgt-arm_20.2.0.LTS\lib\</path>
         <kind>archive</kind>
         <file>rtsv7M4_T_le_v4SPD16_eabi.lib</file>
         <name>memset_t2.asm.obj</name>
      </input_file>
      <input_file id="fl-d3">
         <path>C:\ti\ccs1000\ccs\tools\compiler\ti-cgt-arm_20.2.0.LTS\lib\</path>
         <kind>archive</kind>
         <file>rtsv7M4_T_le_v4SPD16_eabi.lib</file>
         <name>autoinit.c.obj</name>
      </input_file>
      <input_file id="fl-d4">
         <path>C:\ti\ccs1000\ccs\tools\compiler\ti-cgt-arm_20.2.0.LTS\lib\</path>
         <kind>archive</kind>
         <file>rtsv7M4_T_le_v4SPD16_eabi.lib</file>
         <name>pre_init.c.obj</name>
      </input_file>
      <input_file id="fl-d5">
         <path>C:\ti\ccs1000\ccs\tools\compiler\ti-cgt-arm_20.2.0.LTS\lib\</path>
         <kind>archive</kind>
         <file>rtsv7M4_T_le_v4SPD16_eabi.lib</file>
         <name>cpy_tbl.c.obj</name>
      </input_file>
      <input_file id="fl-d6">
         <path>C:\ti\ccs1000\ccs\tools\compiler\ti-cgt-arm_20.2.0.LTS\lib\</path>
         <kind>archive</kind>
         <file>rtsv7M4_T_le_v4SPD16_eabi.lib</file>
         <name>exit.c.obj</name>
      </input_file>
      <input_file id="fl-d7">
         <path>C:\ti\ccs1000\ccs\tools\compiler\ti-cgt-arm_20.2.0.LTS\lib\</path>
         <kind>archive</kind>
         <file>rtsv7M4_T_le_v4SPD16_eabi.lib</file>
         <name>_lock.c.obj</name>
      </input_file>
      <input_file id="fl-d8">
         <path>C:\ti\ccs1000\ccs\tools\compiler\ti-cgt-arm_20.2.0.LTS\lib\</path>
         <kind>archive</kind>
         <file>rtsv7M4_T_le_v4SPD16_eabi.lib</file>
         <name>args_main.c.obj</name>
      </input_file>
      <input_file id="fl-d9">
         <path>C:\ti\ccs1000\ccs\tools\compiler\ti-cgt-arm_20.2.0.LTS\lib\</path>
         <kind>archive</kind>
         <file>rtsv7M4_T_le_v4SPD16_eabi.lib</file>
         <name>memchr.c.obj</name>
      </input_file>
      <input_file id="fl-da">
         <path>C:\ti\ccs1000\ccs\tools\compiler\ti-cgt-arm_20.2.0.LTS\lib\</path>
         <kind>archive</kind>
         <file>rtsv7M4_T_le_v4SPD16_eabi.lib</file>
         <name>memory.c.obj</name>
      </input_file>
      <input_file id="fl-db">
         <path>C:\ti\ccs1000\ccs\tools\compiler\ti-cgt-arm_20.2.0.LTS\lib\</path>
         <kind>archive</kind>
         <file>rtsv7M4_T_le_v4SPD16_eabi.lib</file>
         <name>strlen.c.obj</name>
      </input_file>
      <input_file id="fl-dc">
         <path>C:\ti\ccs1000\ccs\tools\compiler\ti-cgt-arm_20.2.0.LTS\lib\</path>
         <kind>archive</kind>
         <file>rtsv7M4_T_le_v4SPD16_eabi.lib</file>
         <name>write.c.obj</name>
      </input_file>
      <input_file id="fl-dd">
         <path>C:\ti\ccs1000\ccs\tools\compiler\ti-cgt-arm_20.2.0.LTS\lib\</path>
         <kind>archive</kind>
         <file>rtsv7M4_T_le_v4SPD16_eabi.lib</file>
         <name>host_device.c.obj</name>
      </input_file>
      <input_file id="fl-de">
         <path>C:\ti\ccs1000\ccs\tools\compiler\ti-cgt-arm_20.2.0.LTS\lib\</path>
         <kind>archive</kind>
         <file>rtsv7M4_T_le_v4SPD16_eabi.lib</file>
         <name>fopen.c.obj</name>
      </input_file>
      <input_file id="fl-df">
         <path>C:\ti\ccs1000\ccs\tools\compiler\ti-cgt-arm_20.2.0.LTS\lib\</path>
         <kind>archive</kind>
         <file>rtsv7M4_T_le_v4SPD16_eabi.lib</file>
         <name>fseek.c.obj</name>
      </input_file>
      <input_file id="fl-e0">
         <path>C:\ti\ccs1000\ccs\tools\compiler\ti-cgt-arm_20.2.0.LTS\lib\</path>
         <kind>archive</kind>
         <file>rtsv7M4_T_le_v4SPD16_eabi.lib</file>
         <name>hostclose.c.obj</name>
      </input_file>
      <input_file id="fl-e1">
         <path>C:\ti\ccs1000\ccs\tools\compiler\ti-cgt-arm_20.2.0.LTS\lib\</path>
         <kind>archive</kind>
         <file>rtsv7M4_T_le_v4SPD16_eabi.lib</file>
         <name>hostlseek.c.obj</name>
      </input_file>
      <input_file id="fl-e2">
         <path>C:\ti\ccs1000\ccs\tools\compiler\ti-cgt-arm_20.2.0.LTS\lib\</path>
         <kind>archive</kind>
         <file>rtsv7M4_T_le_v4SPD16_eabi.lib</file>
         <name>hostopen.c.obj</name>
      </input_file>
      <input_file id="fl-e3">
         <path>C:\ti\ccs1000\ccs\tools\compiler\ti-cgt-arm_20.2.0.LTS\lib\</path>
         <kind>archive</kind>
         <file>rtsv7M4_T_le_v4SPD16_eabi.lib</file>
         <name>hostread.c.obj</name>
      </input_file>
      <input_file id="fl-e4">
         <path>C:\ti\ccs1000\ccs\tools\compiler\ti-cgt-arm_20.2.0.LTS\lib\</path>
         <kind>archive</kind>
         <file>rtsv7M4_T_le_v4SPD16_eabi.lib</file>
         <name>hostrename.c.obj</name>
      </input_file>
      <input_file id="fl-e5">
         <path>C:\ti\ccs1000\ccs\tools\compiler\ti-cgt-arm_20.2.0.LTS\lib\</path>
         <kind>archive</kind>
         <file>rtsv7M4_T_le_v4SPD16_eabi.lib</file>
         <name>hostunlink.c.obj</name>
      </input_file>
      <input_file id="fl-e6">
         <path>C:\ti\ccs1000\ccs\tools\compiler\ti-cgt-arm_20.2.0.LTS\lib\</path>
         <kind>archive</kind>
         <file>rtsv7M4_T_le_v4SPD16_eabi.lib</file>
         <name>hostwrite.c.obj</name>
      </input_file>
      <input_file id="fl-e7">
         <path>C:\ti\ccs1000\ccs\tools\compiler\ti-cgt-arm_20.2.0.LTS\lib\</path>
         <kind>archive</kind>
         <file>rtsv7M4_T_le_v4SPD16_eabi.lib</file>
         <name>trgmsg.c.obj</name>
      </input_file>
      <input_file id="fl-e8">
         <path>C:\ti\ccs1000\ccs\tools\compiler\ti-cgt-arm_20.2.0.LTS\lib\</path>
         <kind>archive</kind>
         <file>rtsv7M4_T_le_v4SPD16_eabi.lib</file>
         <name>open.c.obj</name>
      </input_file>
      <input_file id="fl-e9">
         <path>C:\ti\ccs1000\ccs\tools\compiler\ti-cgt-arm_20.2.0.LTS\lib\</path>
         <kind>archive</kind>
         <file>rtsv7M4_T_le_v4SPD16_eabi.lib</file>
         <name>lseek.c.obj</name>
      </input_file>
      <input_file id="fl-ea">
         <path>C:\ti\ccs1000\ccs\tools\compiler\ti-cgt-arm_20.2.0.LTS\lib\</path>
         <kind>archive</kind>
         <file>rtsv7M4_T_le_v4SPD16_eabi.lib</file>
         <name>fclose.c.obj</name>
      </input_file>
      <input_file id="fl-eb">
         <path>C:\ti\ccs1000\ccs\tools\compiler\ti-cgt-arm_20.2.0.LTS\lib\</path>
         <kind>archive</kind>
         <file>rtsv7M4_T_le_v4SPD16_eabi.lib</file>
         <name>getdevice.c.obj</name>
      </input_file>
      <input_file id="fl-ec">
         <path>C:\ti\ccs1000\ccs\tools\compiler\ti-cgt-arm_20.2.0.LTS\lib\</path>
         <kind>archive</kind>
         <file>rtsv7M4_T_le_v4SPD16_eabi.lib</file>
         <name>strchr.c.obj</name>
      </input_file>
      <input_file id="fl-ed">
         <path>C:\ti\ccs1000\ccs\tools\compiler\ti-cgt-arm_20.2.0.LTS\lib\</path>
         <kind>archive</kind>
         <file>rtsv7M4_T_le_v4SPD16_eabi.lib</file>
         <name>strcmp.c.obj</name>
      </input_file>
      <input_file id="fl-ee">
         <path>C:\ti\ccs1000\ccs\tools\compiler\ti-cgt-arm_20.2.0.LTS\lib\</path>
         <kind>archive</kind>
         <file>rtsv7M4_T_le_v4SPD16_eabi.lib</file>
         <name>strcpy.c.obj</name>
      </input_file>
      <input_file id="fl-ef">
         <path>C:\ti\ccs1000\ccs\tools\compiler\ti-cgt-arm_20.2.0.LTS\lib\</path>
         <kind>archive</kind>
         <file>rtsv7M4_T_le_v4SPD16_eabi.lib</file>
         <name>strncpy.c.obj</name>
      </input_file>
      <input_file id="fl-f0">
         <path>C:\ti\ccs1000\ccs\tools\compiler\ti-cgt-arm_20.2.0.LTS\lib\</path>
         <kind>archive</kind>
         <file>rtsv7M4_T_le_v4SPD16_eabi.lib</file>
         <name>remove.c.obj</name>
      </input_file>
      <input_file id="fl-f1">
         <path>C:\ti\ccs1000\ccs\tools\compiler\ti-cgt-arm_20.2.0.LTS\lib\</path>
         <kind>archive</kind>
         <file>rtsv7M4_T_le_v4SPD16_eabi.lib</file>
         <name>close.c.obj</name>
      </input_file>
      <input_file id="fl-f2">
         <path>C:\ti\ccs1000\ccs\tools\compiler\ti-cgt-arm_20.2.0.LTS\lib\</path>
         <kind>archive</kind>
         <file>rtsv7M4_T_le_v4SPD16_eabi.lib</file>
         <name>unlink.c.obj</name>
      </input_file>
   </input_file_list>
   <object_component_list>
      <object_component id="oc-26">
         <name>.intvecs:retain</name>
         <load_address>0x0</load_address>
         <run_address>0x0</run_address>
         <size>0xe4</size>
         <input_file_ref idref="fl-5"/>
      </object_component>
      <object_component id="oc-70">
         <name>.text</name>
         <load_address>0xe4</load_address>
         <run_address>0xe4</run_address>
         <size>0x4dc</size>
         <input_file_ref idref="fl-2"/>
      </object_component>
      <object_component id="oc-b2">
         <name>.text</name>
         <load_address>0x5c0</load_address>
         <run_address>0x5c0</run_address>
         <size>0x334</size>
         <input_file_ref idref="fl-6"/>
      </object_component>
      <object_component id="oc-d3">
         <name>.text</name>
         <load_address>0x8f4</load_address>
         <run_address>0x8f4</run_address>
         <size>0x2c8</size>
         <input_file_ref idref="fl-4"/>
      </object_component>
      <object_component id="oc-171">
         <name>.text</name>
         <load_address>0xbbc</load_address>
         <run_address>0xbbc</run_address>
         <size>0x1b6</size>
         <input_file_ref idref="fl-c1"/>
      </object_component>
      <object_component id="oc-1ee">
         <name>.text:_nop</name>
         <load_address>0xd72</load_address>
         <run_address>0xd72</run_address>
         <size>0x2</size>
         <input_file_ref idref="fl-d7"/>
      </object_component>
      <object_component id="oc-76">
         <name>.text</name>
         <load_address>0xd74</load_address>
         <run_address>0xd74</run_address>
         <size>0x1ac</size>
         <input_file_ref idref="fl-3"/>
      </object_component>
      <object_component id="oc-148">
         <name>.text:fputs</name>
         <load_address>0xf20</load_address>
         <run_address>0xf20</run_address>
         <size>0x114</size>
         <input_file_ref idref="fl-ce"/>
      </object_component>
      <object_component id="oc-29d">
         <name>.text:aligned_alloc</name>
         <load_address>0x1034</load_address>
         <run_address>0x1034</run_address>
         <size>0x108</size>
         <input_file_ref idref="fl-da"/>
      </object_component>
      <object_component id="oc-16c">
         <name>.text</name>
         <load_address>0x113c</load_address>
         <run_address>0x113c</run_address>
         <size>0xfc</size>
         <input_file_ref idref="fl-c3"/>
      </object_component>
      <object_component id="oc-1dc">
         <name>.text:floor</name>
         <load_address>0x1238</load_address>
         <run_address>0x1238</run_address>
         <size>0xf8</size>
         <input_file_ref idref="fl-cc"/>
      </object_component>
      <object_component id="oc-253">
         <name>.text:free</name>
         <load_address>0x1330</load_address>
         <run_address>0x1330</run_address>
         <size>0xe4</size>
         <input_file_ref idref="fl-da"/>
      </object_component>
      <object_component id="oc-213">
         <name>.text:setvbuf</name>
         <load_address>0x1414</load_address>
         <run_address>0x1414</run_address>
         <size>0xdc</size>
         <input_file_ref idref="fl-d0"/>
      </object_component>
      <object_component id="oc-176">
         <name>.text:round</name>
         <load_address>0x14f0</load_address>
         <run_address>0x14f0</run_address>
         <size>0xc0</size>
         <input_file_ref idref="fl-c0"/>
      </object_component>
      <object_component id="oc-3a">
         <name>.text</name>
         <load_address>0x15b0</load_address>
         <run_address>0x15b0</run_address>
         <size>0x9c</size>
         <input_file_ref idref="fl-d1"/>
      </object_component>
      <object_component id="oc-1e2">
         <name>.text:__aeabi_cdcmple</name>
         <load_address>0x164c</load_address>
         <run_address>0x164c</run_address>
         <size>0x86</size>
         <input_file_ref idref="fl-c2"/>
      </object_component>
      <object_component id="oc-22d">
         <name>.text:__aeabi_cdrcmple</name>
         <load_address>0x16d2</load_address>
         <run_address>0x16d2</run_address>
         <size>0x86</size>
         <input_file_ref idref="fl-c2"/>
      </object_component>
      <object_component id="oc-14e">
         <name>.text:fflush</name>
         <load_address>0x1758</load_address>
         <run_address>0x1758</run_address>
         <size>0x7c</size>
         <input_file_ref idref="fl-cd"/>
      </object_component>
      <object_component id="oc-2a4">
         <name>.text:__TI_closefile</name>
         <load_address>0x17d4</load_address>
         <run_address>0x17d4</run_address>
         <size>0x74</size>
         <input_file_ref idref="fl-ea"/>
      </object_component>
      <object_component id="oc-2e2">
         <name>.text:split</name>
         <load_address>0x1848</load_address>
         <run_address>0x1848</run_address>
         <size>0x70</size>
         <input_file_ref idref="fl-da"/>
      </object_component>
      <object_component id="oc-2d1">
         <name>.text:HOSTrename</name>
         <load_address>0x18b8</load_address>
         <run_address>0x18b8</run_address>
         <size>0x6c</size>
         <input_file_ref idref="fl-e4"/>
      </object_component>
      <object_component id="oc-2c5">
         <name>.text:HOSTlseek</name>
         <load_address>0x1924</load_address>
         <run_address>0x1924</run_address>
         <size>0x68</size>
         <input_file_ref idref="fl-e1"/>
      </object_component>
      <object_component id="oc-17">
         <name>.text:decompress:lzss:__TI_decompress_lzss</name>
         <load_address>0x198c</load_address>
         <run_address>0x198c</run_address>
         <size>0x68</size>
         <input_file_ref idref="fl-c8"/>
      </object_component>
      <object_component id="oc-20d">
         <name>.text:fseek</name>
         <load_address>0x19f4</load_address>
         <run_address>0x19f4</run_address>
         <size>0x64</size>
         <input_file_ref idref="fl-df"/>
      </object_component>
      <object_component id="oc-1a9">
         <name>.text:__TI_wrt_ok</name>
         <load_address>0x1a58</load_address>
         <run_address>0x1a58</run_address>
         <size>0x62</size>
         <input_file_ref idref="fl-cf"/>
      </object_component>
      <object_component id="oc-2ad">
         <name>.text:HOSTopen</name>
         <load_address>0x1abc</load_address>
         <run_address>0x1abc</run_address>
         <size>0x60</size>
         <input_file_ref idref="fl-e2"/>
      </object_component>
      <object_component id="oc-2e9">
         <name>.text:close</name>
         <load_address>0x1b1c</load_address>
         <run_address>0x1b1c</run_address>
         <size>0x5c</size>
         <input_file_ref idref="fl-f1"/>
      </object_component>
      <object_component id="oc-2b9">
         <name>.text:HOSTread</name>
         <load_address>0x1b78</load_address>
         <run_address>0x1b78</run_address>
         <size>0x58</size>
         <input_file_ref idref="fl-e3"/>
      </object_component>
      <object_component id="oc-2bf">
         <name>.text:HOSTwrite</name>
         <load_address>0x1bd0</load_address>
         <run_address>0x1bd0</run_address>
         <size>0x58</size>
         <input_file_ref idref="fl-e6"/>
      </object_component>
      <object_component id="oc-1bb">
         <name>.text:__TI_doflush</name>
         <load_address>0x1c28</load_address>
         <run_address>0x1c28</run_address>
         <size>0x4c</size>
         <input_file_ref idref="fl-cd"/>
      </object_component>
      <object_component id="oc-10c">
         <name>.text:exit</name>
         <load_address>0x1c74</load_address>
         <run_address>0x1c74</run_address>
         <size>0x48</size>
         <input_file_ref idref="fl-d6"/>
      </object_component>
      <object_component id="oc-17c">
         <name>.text</name>
         <load_address>0x1cbc</load_address>
         <run_address>0x1cbc</run_address>
         <size>0x48</size>
         <input_file_ref idref="fl-c4"/>
      </object_component>
      <object_component id="oc-2b3">
         <name>.text:HOSTclose</name>
         <load_address>0x1d04</load_address>
         <run_address>0x1d04</run_address>
         <size>0x44</size>
         <input_file_ref idref="fl-e0"/>
      </object_component>
      <object_component id="oc-2cb">
         <name>.text:HOSTunlink</name>
         <load_address>0x1d48</load_address>
         <run_address>0x1d48</run_address>
         <size>0x44</size>
         <input_file_ref idref="fl-e5"/>
      </object_component>
      <object_component id="oc-112">
         <name>.text:__TI_auto_init_nobinit_nopinit:__TI_auto_init_nobinit_nopinit</name>
         <load_address>0x1d8c</load_address>
         <run_address>0x1d8c</run_address>
         <size>0x44</size>
         <input_file_ref idref="fl-d3"/>
      </object_component>
      <object_component id="oc-31f">
         <name>.text:getdevice</name>
         <load_address>0x1dd0</load_address>
         <run_address>0x1dd0</run_address>
         <size>0x44</size>
         <input_file_ref idref="fl-eb"/>
      </object_component>
      <object_component id="oc-2f8">
         <name>.text:__TI_writemsg</name>
         <load_address>0x1e14</load_address>
         <run_address>0x1e14</run_address>
         <size>0x38</size>
         <input_file_ref idref="fl-e7"/>
      </object_component>
      <object_component id="oc-347">
         <name>.text:strncpy</name>
         <load_address>0x1e4c</load_address>
         <run_address>0x1e4c</run_address>
         <size>0x36</size>
         <input_file_ref idref="fl-ef"/>
      </object_component>
      <object_component id="oc-25f">
         <name>.text:__TI_cleanup</name>
         <load_address>0x1e84</load_address>
         <run_address>0x1e84</run_address>
         <size>0x34</size>
         <input_file_ref idref="fl-de"/>
      </object_component>
      <object_component id="oc-2fe">
         <name>.text:__TI_readmsg</name>
         <load_address>0x1eb8</load_address>
         <run_address>0x1eb8</run_address>
         <size>0x34</size>
         <input_file_ref idref="fl-e7"/>
      </object_component>
      <object_component id="oc-58">
         <name>.text:_c_int00_noargs:_c_int00_noargs</name>
         <load_address>0x1eec</load_address>
         <run_address>0x1eec</run_address>
         <size>0x34</size>
         <input_file_ref idref="fl-cb"/>
      </object_component>
      <object_component id="oc-34d">
         <name>.text:finddevice</name>
         <load_address>0x1f20</load_address>
         <run_address>0x1f20</run_address>
         <size>0x30</size>
         <input_file_ref idref="fl-eb"/>
      </object_component>
      <object_component id="oc-167">
         <name>.text</name>
         <load_address>0x1f50</load_address>
         <run_address>0x1f50</run_address>
         <size>0x2e</size>
         <input_file_ref idref="fl-c5"/>
      </object_component>
      <object_component id="oc-2ef">
         <name>.text:unlink</name>
         <load_address>0x1f80</load_address>
         <run_address>0x1f80</run_address>
         <size>0x2c</size>
         <input_file_ref idref="fl-f2"/>
      </object_component>
      <object_component id="oc-296">
         <name>.text:free_list_insert</name>
         <load_address>0x1fac</load_address>
         <run_address>0x1fac</run_address>
         <size>0x28</size>
         <input_file_ref idref="fl-da"/>
      </object_component>
      <object_component id="oc-24b">
         <name>.text:lseek</name>
         <load_address>0x1fd4</load_address>
         <run_address>0x1fd4</run_address>
         <size>0x28</size>
         <input_file_ref idref="fl-e9"/>
      </object_component>
      <object_component id="oc-1c1">
         <name>.text:write</name>
         <load_address>0x1ffc</load_address>
         <run_address>0x1ffc</run_address>
         <size>0x28</size>
         <input_file_ref idref="fl-dc"/>
      </object_component>
      <object_component id="oc-1b5">
         <name>.text:memchr</name>
         <load_address>0x2024</load_address>
         <run_address>0x2024</run_address>
         <size>0x20</size>
         <input_file_ref idref="fl-d9"/>
      </object_component>
      <object_component id="oc-b9">
         <name>.text:_abort_msg</name>
         <load_address>0x2044</load_address>
         <run_address>0x2044</run_address>
         <size>0x1c</size>
         <input_file_ref idref="fl-c9"/>
      </object_component>
      <object_component id="oc-46">
         <name>.text:decompress:ZI:__TI_zero_init_nomemset:__TI_zero_init_nomemset</name>
         <load_address>0x2060</load_address>
         <run_address>0x2060</run_address>
         <size>0x1c</size>
         <input_file_ref idref="fl-c6"/>
      </object_component>
      <object_component id="oc-290">
         <name>.text:free_list_remove</name>
         <load_address>0x207c</load_address>
         <run_address>0x207c</run_address>
         <size>0x1c</size>
         <input_file_ref idref="fl-da"/>
      </object_component>
      <object_component id="oc-366">
         <name>.text:strcmp</name>
         <load_address>0x2098</load_address>
         <run_address>0x2098</run_address>
         <size>0x18</size>
         <input_file_ref idref="fl-ed"/>
      </object_component>
      <object_component id="oc-341">
         <name>.text:strchr</name>
         <load_address>0x20b0</load_address>
         <run_address>0x20b0</run_address>
         <size>0x16</size>
         <input_file_ref idref="fl-ec"/>
      </object_component>
      <object_component id="oc-312">
         <name>.text:strcpy</name>
         <load_address>0x20c6</load_address>
         <run_address>0x20c6</run_address>
         <size>0x14</size>
         <input_file_ref idref="fl-ee"/>
      </object_component>
      <object_component id="oc-1af">
         <name>.text:strlen</name>
         <load_address>0x20da</load_address>
         <run_address>0x20da</run_address>
         <size>0x14</size>
         <input_file_ref idref="fl-db"/>
      </object_component>
      <object_component id="oc-1d">
         <name>.text:decompress:none:__TI_decompress_none</name>
         <load_address>0x20ee</load_address>
         <run_address>0x20ee</run_address>
         <size>0xe</size>
         <input_file_ref idref="fl-c7"/>
      </object_component>
      <object_component id="oc-6a">
         <name>.text</name>
         <load_address>0x20fc</load_address>
         <run_address>0x20fc</run_address>
         <size>0xe</size>
         <input_file_ref idref="fl-5"/>
      </object_component>
      <object_component id="oc-259">
         <name>.text:malloc</name>
         <load_address>0x210a</load_address>
         <run_address>0x210a</run_address>
         <size>0x8</size>
         <input_file_ref idref="fl-da"/>
      </object_component>
      <object_component id="oc-a0">
         <name>.text:_system_pre_init</name>
         <load_address>0x2112</load_address>
         <run_address>0x2112</run_address>
         <size>0x4</size>
         <input_file_ref idref="fl-d4"/>
      </object_component>
      <object_component id="oc-106">
         <name>.text:abort:abort</name>
         <load_address>0x2116</load_address>
         <run_address>0x2116</run_address>
         <size>0x4</size>
         <input_file_ref idref="fl-d6"/>
      </object_component>
      <object_component id="oc-3ad">
         <name>.cinit..data.load</name>
         <load_address>0x2120</load_address>
         <run_address>0x2120</run_address>
         <size>0x6c</size>
      </object_component>
      <object_component id="oc-3ab">
         <name>__TI_handler_table</name>
         <load_address>0x218c</load_address>
         <run_address>0x218c</run_address>
         <size>0xc</size>
      </object_component>
      <object_component id="oc-3ae">
         <name>.cinit..bss.load</name>
         <load_address>0x2198</load_address>
         <run_address>0x2198</run_address>
         <size>0x8</size>
      </object_component>
      <object_component id="oc-3ac">
         <name>__TI_cinit_table</name>
         <load_address>0x21a0</load_address>
         <run_address>0x21a0</run_address>
         <size>0x10</size>
      </object_component>
      <object_component id="oc-37f">
         <name>.binit</name>
         <load_address>0x0</load_address>
         <run_address>0x0</run_address>
         <size>0x0</size>
      </object_component>
      <object_component id="oc-d9">
         <name>.data</name>
         <load_address>0x200005e4</load_address>
         <run_address>0x200005e4</run_address>
         <size>0x4</size>
         <input_file_ref idref="fl-3"/>
      </object_component>
      <object_component id="oc-144">
         <name>.data</name>
         <load_address>0x200005e8</load_address>
         <run_address>0x200005e8</run_address>
         <size>0x4</size>
         <input_file_ref idref="fl-6"/>
      </object_component>
      <object_component id="oc-154">
         <name>.data:_ftable</name>
         <load_address>0x20000400</load_address>
         <run_address>0x20000400</run_address>
         <size>0xf0</size>
         <input_file_ref idref="fl-ca"/>
      </object_component>
      <object_component id="oc-1c9">
         <name>.data</name>
         <load_address>0x200005b8</load_address>
         <run_address>0x200005b8</run_address>
         <size>0x10</size>
         <input_file_ref idref="fl-ca"/>
      </object_component>
      <object_component id="oc-188">
         <name>.data:$O1$$</name>
         <load_address>0x200005c8</load_address>
         <run_address>0x200005c8</run_address>
         <size>0xc</size>
         <input_file_ref idref="fl-d6"/>
      </object_component>
      <object_component id="oc-18b">
         <name>.data:$O1$$</name>
         <load_address>0x200005d4</load_address>
         <run_address>0x200005d4</run_address>
         <size>0x8</size>
         <input_file_ref idref="fl-d7"/>
      </object_component>
      <object_component id="oc-2dd">
         <name>.data:$O1$$</name>
         <load_address>0x200005dc</load_address>
         <run_address>0x200005dc</run_address>
         <size>0x8</size>
         <input_file_ref idref="fl-da"/>
      </object_component>
      <object_component id="oc-272">
         <name>.data:_device</name>
         <load_address>0x200004f0</load_address>
         <run_address>0x200004f0</run_address>
         <size>0x78</size>
         <input_file_ref idref="fl-dd"/>
      </object_component>
      <object_component id="oc-220">
         <name>.data:_stream</name>
         <load_address>0x20000568</load_address>
         <run_address>0x20000568</run_address>
         <size>0x50</size>
         <input_file_ref idref="fl-dd"/>
      </object_component>
      <object_component id="oc-bf">
         <name>.bss:i2c_payload_struct</name>
         <uninitialized>true</uninitialized>
         <run_address>0x200007ac</run_address>
         <size>0x14</size>
         <input_file_ref idref="fl-2"/>
      </object_component>
      <object_component id="oc-329">
         <name>.bss:_CIOBUF_</name>
         <uninitialized>true</uninitialized>
         <run_address>0x200005ec</run_address>
         <size>0x120</size>
         <input_file_ref idref="fl-e7"/>
      </object_component>
      <object_component id="oc-2f5">
         <name>.common:__TI_tmpnams</name>
         <uninitialized>true</uninitialized>
         <run_address>0x2000070c</run_address>
         <size>0xa0</size>
      </object_component>
      <object_component id="oc-304">
         <name>.common:parmbuf</name>
         <uninitialized>true</uninitialized>
         <run_address>0x200007c0</run_address>
         <size>0x8</size>
      </object_component>
      <object_component id="oc-2c">
         <name>.sysmem</name>
         <uninitialized>true</uninitialized>
         <run_address>0x20000000</run_address>
         <size>0x10</size>
         <input_file_ref idref="fl-da"/>
      </object_component>
      <object_component id="oc-3b1">
         <name>.sysmem</name>
         <uninitialized>true</uninitialized>
         <run_address>0x20000000</run_address>
         <size>0x0</size>
      </object_component>
      <object_component id="oc-29">
         <name>.stack</name>
         <uninitialized>true</uninitialized>
         <run_address>0x2000fe00</run_address>
         <size>0x4</size>
         <input_file_ref idref="fl-cb"/>
      </object_component>
      <object_component id="oc-3b0">
         <name>.stack</name>
         <uninitialized>true</uninitialized>
         <run_address>0x2000fe00</run_address>
         <size>0x0</size>
      </object_component>
      <object_component id="oc-c3">
         <name>.debug_info</name>
         <load_address>0x0</load_address>
         <run_address>0x0</run_address>
         <size>0x53c</size>
         <input_file_ref idref="fl-2"/>
      </object_component>
      <object_component id="oc-c0">
         <name>.debug_info</name>
         <load_address>0x53c</load_address>
         <run_address>0x53c</run_address>
         <size>0xe6</size>
         <input_file_ref idref="fl-2"/>
      </object_component>
      <object_component id="oc-74">
         <name>.debug_info</name>
         <load_address>0x622</load_address>
         <run_address>0x622</run_address>
         <size>0x569</size>
         <input_file_ref idref="fl-2"/>
      </object_component>
      <object_component id="oc-ce">
         <name>.debug_info</name>
         <load_address>0xb8b</load_address>
         <run_address>0xb8b</run_address>
         <size>0x37e2</size>
         <input_file_ref idref="fl-2"/>
      </object_component>
      <object_component id="oc-dd">
         <name>.debug_info</name>
         <load_address>0x436d</load_address>
         <run_address>0x436d</run_address>
         <size>0x151</size>
         <input_file_ref idref="fl-2"/>
      </object_component>
      <object_component id="oc-15d">
         <name>.debug_info</name>
         <load_address>0x44be</load_address>
         <run_address>0x44be</run_address>
         <size>0x1055</size>
         <input_file_ref idref="fl-2"/>
      </object_component>
      <object_component id="oc-e5">
         <name>.debug_info</name>
         <load_address>0x5513</load_address>
         <run_address>0x5513</run_address>
         <size>0x26b</size>
         <input_file_ref idref="fl-2"/>
      </object_component>
      <object_component id="oc-c4">
         <name>.debug_info</name>
         <load_address>0x577e</load_address>
         <run_address>0x577e</run_address>
         <size>0x8b</size>
         <input_file_ref idref="fl-2"/>
      </object_component>
      <object_component id="oc-162">
         <name>.debug_info</name>
         <load_address>0x5809</load_address>
         <run_address>0x5809</run_address>
         <size>0x2a4</size>
         <input_file_ref idref="fl-2"/>
      </object_component>
      <object_component id="oc-c9">
         <name>.debug_info</name>
         <load_address>0x5aad</load_address>
         <run_address>0x5aad</run_address>
         <size>0xbb</size>
         <input_file_ref idref="fl-2"/>
      </object_component>
      <object_component id="oc-e2">
         <name>.debug_info</name>
         <load_address>0x5b68</load_address>
         <run_address>0x5b68</run_address>
         <size>0x5b6</size>
         <input_file_ref idref="fl-3"/>
      </object_component>
      <object_component id="oc-da">
         <name>.debug_info</name>
         <load_address>0x611e</load_address>
         <run_address>0x611e</run_address>
         <size>0xce</size>
         <input_file_ref idref="fl-3"/>
      </object_component>
      <object_component id="oc-79">
         <name>.debug_info</name>
         <load_address>0x61ec</load_address>
         <run_address>0x61ec</run_address>
         <size>0x3aa</size>
         <input_file_ref idref="fl-3"/>
      </object_component>
      <object_component id="oc-182">
         <name>.debug_info</name>
         <load_address>0x6596</load_address>
         <run_address>0x6596</run_address>
         <size>0x5a6</size>
         <input_file_ref idref="fl-4"/>
      </object_component>
      <object_component id="oc-d4">
         <name>.debug_info</name>
         <load_address>0x6b3c</load_address>
         <run_address>0x6b3c</run_address>
         <size>0x399</size>
         <input_file_ref idref="fl-4"/>
      </object_component>
      <object_component id="oc-7e">
         <name>.debug_info</name>
         <load_address>0x6ed5</load_address>
         <run_address>0x6ed5</run_address>
         <size>0x2cb</size>
         <input_file_ref idref="fl-5"/>
      </object_component>
      <object_component id="oc-27">
         <name>.debug_info</name>
         <load_address>0x71a0</load_address>
         <run_address>0x71a0</run_address>
         <size>0xf7</size>
         <input_file_ref idref="fl-5"/>
      </object_component>
      <object_component id="oc-6b">
         <name>.debug_info</name>
         <load_address>0x7297</load_address>
         <run_address>0x7297</run_address>
         <size>0x1be</size>
         <input_file_ref idref="fl-5"/>
      </object_component>
      <object_component id="oc-35">
         <name>.debug_info</name>
         <load_address>0x7455</load_address>
         <run_address>0x7455</run_address>
         <size>0x84</size>
         <input_file_ref idref="fl-5"/>
      </object_component>
      <object_component id="oc-145">
         <name>.debug_info</name>
         <load_address>0x74d9</load_address>
         <run_address>0x74d9</run_address>
         <size>0xf0</size>
         <input_file_ref idref="fl-6"/>
      </object_component>
      <object_component id="oc-b4">
         <name>.debug_info</name>
         <load_address>0x75c9</load_address>
         <run_address>0x75c9</run_address>
         <size>0x262</size>
         <input_file_ref idref="fl-6"/>
      </object_component>
      <object_component id="oc-1e8">
         <name>.debug_info</name>
         <load_address>0x782b</load_address>
         <run_address>0x782b</run_address>
         <size>0x2b0</size>
         <input_file_ref idref="fl-c0"/>
      </object_component>
      <object_component id="oc-17a">
         <name>.debug_info</name>
         <load_address>0x7adb</load_address>
         <run_address>0x7adb</run_address>
         <size>0x219</size>
         <input_file_ref idref="fl-c0"/>
      </object_component>
      <object_component id="oc-172">
         <name>.debug_info</name>
         <load_address>0x7cf4</load_address>
         <run_address>0x7cf4</run_address>
         <size>0x14c</size>
         <input_file_ref idref="fl-c1"/>
      </object_component>
      <object_component id="oc-1e5">
         <name>.debug_info</name>
         <load_address>0x7e40</load_address>
         <run_address>0x7e40</run_address>
         <size>0x128</size>
         <input_file_ref idref="fl-c2"/>
      </object_component>
      <object_component id="oc-230">
         <name>.debug_info</name>
         <load_address>0x7f68</load_address>
         <run_address>0x7f68</run_address>
         <size>0x12a</size>
         <input_file_ref idref="fl-c2"/>
      </object_component>
      <object_component id="oc-16f">
         <name>.debug_info</name>
         <load_address>0x8092</load_address>
         <run_address>0x8092</run_address>
         <size>0x13a</size>
         <input_file_ref idref="fl-c3"/>
      </object_component>
      <object_component id="oc-17e">
         <name>.debug_info</name>
         <load_address>0x81cc</load_address>
         <run_address>0x81cc</run_address>
         <size>0x12e</size>
         <input_file_ref idref="fl-c4"/>
      </object_component>
      <object_component id="oc-169">
         <name>.debug_info</name>
         <load_address>0x82fa</load_address>
         <run_address>0x82fa</run_address>
         <size>0x12c</size>
         <input_file_ref idref="fl-c5"/>
      </object_component>
      <object_component id="oc-99">
         <name>.debug_info</name>
         <load_address>0x8426</load_address>
         <run_address>0x8426</run_address>
         <size>0x2d4</size>
         <input_file_ref idref="fl-c6"/>
      </object_component>
      <object_component id="oc-49">
         <name>.debug_info</name>
         <load_address>0x86fa</load_address>
         <run_address>0x86fa</run_address>
         <size>0x1d2</size>
         <input_file_ref idref="fl-c6"/>
      </object_component>
      <object_component id="oc-94">
         <name>.debug_info</name>
         <load_address>0x88cc</load_address>
         <run_address>0x88cc</run_address>
         <size>0x46</size>
         <input_file_ref idref="fl-c6"/>
      </object_component>
      <object_component id="oc-fd">
         <name>.debug_info</name>
         <load_address>0x8912</load_address>
         <run_address>0x8912</run_address>
         <size>0x2c</size>
         <input_file_ref idref="fl-c6"/>
      </object_component>
      <object_component id="oc-45">
         <name>.debug_info</name>
         <load_address>0x893e</load_address>
         <run_address>0x893e</run_address>
         <size>0x2a8</size>
         <input_file_ref idref="fl-c7"/>
      </object_component>
      <object_component id="oc-1e">
         <name>.debug_info</name>
         <load_address>0x8be6</load_address>
         <run_address>0x8be6</run_address>
         <size>0x1ea</size>
         <input_file_ref idref="fl-c7"/>
      </object_component>
      <object_component id="oc-40">
         <name>.debug_info</name>
         <load_address>0x8dd0</load_address>
         <run_address>0x8dd0</run_address>
         <size>0x46</size>
         <input_file_ref idref="fl-c7"/>
      </object_component>
      <object_component id="oc-8c">
         <name>.debug_info</name>
         <load_address>0x8e16</load_address>
         <run_address>0x8e16</run_address>
         <size>0x2c</size>
         <input_file_ref idref="fl-c7"/>
      </object_component>
      <object_component id="oc-8a">
         <name>.debug_info</name>
         <load_address>0x8e42</load_address>
         <run_address>0x8e42</run_address>
         <size>0x29e</size>
         <input_file_ref idref="fl-c8"/>
      </object_component>
      <object_component id="oc-19">
         <name>.debug_info</name>
         <load_address>0x90e0</load_address>
         <run_address>0x90e0</run_address>
         <size>0x250</size>
         <input_file_ref idref="fl-c8"/>
      </object_component>
      <object_component id="oc-30">
         <name>.debug_info</name>
         <load_address>0x9330</load_address>
         <run_address>0x9330</run_address>
         <size>0x60</size>
         <input_file_ref idref="fl-c8"/>
      </object_component>
      <object_component id="oc-f6">
         <name>.debug_info</name>
         <load_address>0x9390</load_address>
         <run_address>0x9390</run_address>
         <size>0x46</size>
         <input_file_ref idref="fl-c8"/>
      </object_component>
      <object_component id="oc-85">
         <name>.debug_info</name>
         <load_address>0x93d6</load_address>
         <run_address>0x93d6</run_address>
         <size>0x39</size>
         <input_file_ref idref="fl-c8"/>
      </object_component>
      <object_component id="oc-158">
         <name>.debug_info</name>
         <load_address>0x940f</load_address>
         <run_address>0x940f</run_address>
         <size>0x322</size>
         <input_file_ref idref="fl-c9"/>
      </object_component>
      <object_component id="oc-bc">
         <name>.debug_info</name>
         <load_address>0x9731</load_address>
         <run_address>0x9731</run_address>
         <size>0x177</size>
         <input_file_ref idref="fl-c9"/>
      </object_component>
      <object_component id="oc-1d4">
         <name>.debug_info</name>
         <load_address>0x98a8</load_address>
         <run_address>0x98a8</run_address>
         <size>0xb2</size>
         <input_file_ref idref="fl-c9"/>
      </object_component>
      <object_component id="oc-1d0">
         <name>.debug_info</name>
         <load_address>0x995a</load_address>
         <run_address>0x995a</run_address>
         <size>0x144</size>
         <input_file_ref idref="fl-ca"/>
      </object_component>
      <object_component id="oc-155">
         <name>.debug_info</name>
         <load_address>0x9a9e</load_address>
         <run_address>0x9a9e</run_address>
         <size>0x102</size>
         <input_file_ref idref="fl-ca"/>
      </object_component>
      <object_component id="oc-1ca">
         <name>.debug_info</name>
         <load_address>0x9ba0</load_address>
         <run_address>0x9ba0</run_address>
         <size>0x18f</size>
         <input_file_ref idref="fl-ca"/>
      </object_component>
      <object_component id="oc-2a">
         <name>.debug_info</name>
         <load_address>0x9d2f</load_address>
         <run_address>0x9d2f</run_address>
         <size>0x10b</size>
         <input_file_ref idref="fl-cb"/>
      </object_component>
      <object_component id="oc-59">
         <name>.debug_info</name>
         <load_address>0x9e3a</load_address>
         <run_address>0x9e3a</run_address>
         <size>0x1a9</size>
         <input_file_ref idref="fl-cb"/>
      </object_component>
      <object_component id="oc-238">
         <name>.debug_info</name>
         <load_address>0x9fe3</load_address>
         <run_address>0x9fe3</run_address>
         <size>0x28f</size>
         <input_file_ref idref="fl-cc"/>
      </object_component>
      <object_component id="oc-1dd">
         <name>.debug_info</name>
         <load_address>0xa272</load_address>
         <run_address>0xa272</run_address>
         <size>0x22a</size>
         <input_file_ref idref="fl-cc"/>
      </object_component>
      <object_component id="oc-285">
         <name>.debug_info</name>
         <load_address>0xa49c</load_address>
         <run_address>0xa49c</run_address>
         <size>0x46</size>
         <input_file_ref idref="fl-cc"/>
      </object_component>
      <object_component id="oc-233">
         <name>.debug_info</name>
         <load_address>0xa4e2</load_address>
         <run_address>0xa4e2</run_address>
         <size>0x39</size>
         <input_file_ref idref="fl-cc"/>
      </object_component>
      <object_component id="oc-1cd">
         <name>.debug_info</name>
         <load_address>0xa51b</load_address>
         <run_address>0xa51b</run_address>
         <size>0x347</size>
         <input_file_ref idref="fl-cd"/>
      </object_component>
      <object_component id="oc-1bd">
         <name>.debug_info</name>
         <load_address>0xa862</load_address>
         <run_address>0xa862</run_address>
         <size>0x18a</size>
         <input_file_ref idref="fl-cd"/>
      </object_component>
      <object_component id="oc-14f">
         <name>.debug_info</name>
         <load_address>0xa9ec</load_address>
         <run_address>0xa9ec</run_address>
         <size>0x1c8</size>
         <input_file_ref idref="fl-cd"/>
      </object_component>
      <object_component id="oc-1c8">
         <name>.debug_info</name>
         <load_address>0xabb4</load_address>
         <run_address>0xabb4</run_address>
         <size>0x3fc</size>
         <input_file_ref idref="fl-ce"/>
      </object_component>
      <object_component id="oc-149">
         <name>.debug_info</name>
         <load_address>0xafb0</load_address>
         <run_address>0xafb0</run_address>
         <size>0x2e2</size>
         <input_file_ref idref="fl-ce"/>
      </object_component>
      <object_component id="oc-21a">
         <name>.debug_info</name>
         <load_address>0xb292</load_address>
         <run_address>0xb292</run_address>
         <size>0x300</size>
         <input_file_ref idref="fl-cf"/>
      </object_component>
      <object_component id="oc-1ab">
         <name>.debug_info</name>
         <load_address>0xb592</load_address>
         <run_address>0xb592</run_address>
         <size>0x19c</size>
         <input_file_ref idref="fl-cf"/>
      </object_component>
      <object_component id="oc-267">
         <name>.debug_info</name>
         <load_address>0xb72e</load_address>
         <run_address>0xb72e</run_address>
         <size>0xbf</size>
         <input_file_ref idref="fl-cf"/>
      </object_component>
      <object_component id="oc-266">
         <name>.debug_info</name>
         <load_address>0xb7ed</load_address>
         <run_address>0xb7ed</run_address>
         <size>0x374</size>
         <input_file_ref idref="fl-d0"/>
      </object_component>
      <object_component id="oc-216">
         <name>.debug_info</name>
         <load_address>0xbb61</load_address>
         <run_address>0xbb61</run_address>
         <size>0x20b</size>
         <input_file_ref idref="fl-d0"/>
      </object_component>
      <object_component id="oc-3c">
         <name>.debug_info</name>
         <load_address>0xbd6c</load_address>
         <run_address>0xbd6c</run_address>
         <size>0x119</size>
         <input_file_ref idref="fl-d1"/>
      </object_component>
      <object_component id="oc-192">
         <name>.debug_info</name>
         <load_address>0xbe85</load_address>
         <run_address>0xbe85</run_address>
         <size>0x4b3</size>
         <input_file_ref idref="fl-d3"/>
      </object_component>
      <object_component id="oc-116">
         <name>.debug_info</name>
         <load_address>0xc338</load_address>
         <run_address>0xc338</run_address>
         <size>0x1a6</size>
         <input_file_ref idref="fl-d3"/>
      </object_component>
      <object_component id="oc-1fc">
         <name>.debug_info</name>
         <load_address>0xc4de</load_address>
         <run_address>0xc4de</run_address>
         <size>0x39</size>
         <input_file_ref idref="fl-d3"/>
      </object_component>
      <object_component id="oc-23f">
         <name>.debug_info</name>
         <load_address>0xc517</load_address>
         <run_address>0xc517</run_address>
         <size>0x39</size>
         <input_file_ref idref="fl-d3"/>
      </object_component>
      <object_component id="oc-201">
         <name>.debug_info</name>
         <load_address>0xc550</load_address>
         <run_address>0xc550</run_address>
         <size>0x39</size>
         <input_file_ref idref="fl-d3"/>
      </object_component>
      <object_component id="oc-206">
         <name>.debug_info</name>
         <load_address>0xc589</load_address>
         <run_address>0xc589</run_address>
         <size>0xcd</size>
         <input_file_ref idref="fl-d3"/>
      </object_component>
      <object_component id="oc-a2">
         <name>.debug_info</name>
         <load_address>0xc656</load_address>
         <run_address>0xc656</run_address>
         <size>0x153</size>
         <input_file_ref idref="fl-d4"/>
      </object_component>
      <object_component id="oc-18f">
         <name>.debug_info</name>
         <load_address>0xc7a9</load_address>
         <run_address>0xc7a9</run_address>
         <size>0x3ad</size>
         <input_file_ref idref="fl-d6"/>
      </object_component>
      <object_component id="oc-189">
         <name>.debug_info</name>
         <load_address>0xcb56</load_address>
         <run_address>0xcb56</run_address>
         <size>0x190</size>
         <input_file_ref idref="fl-d6"/>
      </object_component>
      <object_component id="oc-109">
         <name>.debug_info</name>
         <load_address>0xcce6</load_address>
         <run_address>0xcce6</run_address>
         <size>0x122</size>
         <input_file_ref idref="fl-d6"/>
      </object_component>
      <object_component id="oc-10f">
         <name>.debug_info</name>
         <load_address>0xce08</load_address>
         <run_address>0xce08</run_address>
         <size>0x184</size>
         <input_file_ref idref="fl-d6"/>
      </object_component>
      <object_component id="oc-1f6">
         <name>.debug_info</name>
         <load_address>0xcf8c</load_address>
         <run_address>0xcf8c</run_address>
         <size>0x2c9</size>
         <input_file_ref idref="fl-d7"/>
      </object_component>
      <object_component id="oc-18c">
         <name>.debug_info</name>
         <load_address>0xd255</load_address>
         <run_address>0xd255</run_address>
         <size>0x11e</size>
         <input_file_ref idref="fl-d7"/>
      </object_component>
      <object_component id="oc-1ef">
         <name>.debug_info</name>
         <load_address>0xd373</load_address>
         <run_address>0xd373</run_address>
         <size>0x12e</size>
         <input_file_ref idref="fl-d7"/>
      </object_component>
      <object_component id="oc-21e">
         <name>.debug_info</name>
         <load_address>0xd4a1</load_address>
         <run_address>0xd4a1</run_address>
         <size>0x2a5</size>
         <input_file_ref idref="fl-d9"/>
      </object_component>
      <object_component id="oc-1b7">
         <name>.debug_info</name>
         <load_address>0xd746</load_address>
         <run_address>0xd746</run_address>
         <size>0x25d</size>
         <input_file_ref idref="fl-d9"/>
      </object_component>
      <object_component id="oc-83">
         <name>.debug_info</name>
         <load_address>0xd9a3</load_address>
         <run_address>0xd9a3</run_address>
         <size>0x3b2</size>
         <input_file_ref idref="fl-da"/>
      </object_component>
      <object_component id="oc-2d">
         <name>.debug_info</name>
         <load_address>0xdd55</load_address>
         <run_address>0xdd55</run_address>
         <size>0x10c</size>
         <input_file_ref idref="fl-da"/>
      </object_component>
      <object_component id="oc-2de">
         <name>.debug_info</name>
         <load_address>0xde61</load_address>
         <run_address>0xde61</run_address>
         <size>0x13f</size>
         <input_file_ref idref="fl-da"/>
      </object_component>
      <object_component id="oc-25a">
         <name>.debug_info</name>
         <load_address>0xdfa0</load_address>
         <run_address>0xdfa0</run_address>
         <size>0x168</size>
         <input_file_ref idref="fl-da"/>
      </object_component>
      <object_component id="oc-291">
         <name>.debug_info</name>
         <load_address>0xe108</load_address>
         <run_address>0xe108</run_address>
         <size>0x18e</size>
         <input_file_ref idref="fl-da"/>
      </object_component>
      <object_component id="oc-297">
         <name>.debug_info</name>
         <load_address>0xe296</load_address>
         <run_address>0xe296</run_address>
         <size>0x19f</size>
         <input_file_ref idref="fl-da"/>
      </object_component>
      <object_component id="oc-254">
         <name>.debug_info</name>
         <load_address>0xe435</load_address>
         <run_address>0xe435</run_address>
         <size>0x203</size>
         <input_file_ref idref="fl-da"/>
      </object_component>
      <object_component id="oc-2e3">
         <name>.debug_info</name>
         <load_address>0xe638</load_address>
         <run_address>0xe638</run_address>
         <size>0x1db</size>
         <input_file_ref idref="fl-da"/>
      </object_component>
      <object_component id="oc-29e">
         <name>.debug_info</name>
         <load_address>0xe813</load_address>
         <run_address>0xe813</run_address>
         <size>0x299</size>
         <input_file_ref idref="fl-da"/>
      </object_component>
      <object_component id="oc-f1">
         <name>.debug_info</name>
         <load_address>0xeaac</load_address>
         <run_address>0xeaac</run_address>
         <size>0xb2</size>
         <input_file_ref idref="fl-da"/>
      </object_component>
      <object_component id="oc-ec">
         <name>.debug_info</name>
         <load_address>0xeb5e</load_address>
         <run_address>0xeb5e</run_address>
         <size>0x2c</size>
         <input_file_ref idref="fl-da"/>
      </object_component>
      <object_component id="oc-21c">
         <name>.debug_info</name>
         <load_address>0xeb8a</load_address>
         <run_address>0xeb8a</run_address>
         <size>0x28f</size>
         <input_file_ref idref="fl-db"/>
      </object_component>
      <object_component id="oc-1b2">
         <name>.debug_info</name>
         <load_address>0xee19</load_address>
         <run_address>0xee19</run_address>
         <size>0x245</size>
         <input_file_ref idref="fl-db"/>
      </object_component>
      <object_component id="oc-224">
         <name>.debug_info</name>
         <load_address>0xf05e</load_address>
         <run_address>0xf05e</run_address>
         <size>0x397</size>
         <input_file_ref idref="fl-dc"/>
      </object_component>
      <object_component id="oc-1c3">
         <name>.debug_info</name>
         <load_address>0xf3f5</load_address>
         <run_address>0xf3f5</run_address>
         <size>0x18f</size>
         <input_file_ref idref="fl-dc"/>
      </object_component>
      <object_component id="oc-27a">
         <name>.debug_info</name>
         <load_address>0xf584</load_address>
         <run_address>0xf584</run_address>
         <size>0x120</size>
         <input_file_ref idref="fl-dc"/>
      </object_component>
      <object_component id="oc-27f">
         <name>.debug_info</name>
         <load_address>0xf6a4</load_address>
         <run_address>0xf6a4</run_address>
         <size>0x2c</size>
         <input_file_ref idref="fl-dc"/>
      </object_component>
      <object_component id="oc-277">
         <name>.debug_info</name>
         <load_address>0xf6d0</load_address>
         <run_address>0xf6d0</run_address>
         <size>0x337</size>
         <input_file_ref idref="fl-dd"/>
      </object_component>
      <object_component id="oc-273">
         <name>.debug_info</name>
         <load_address>0xfa07</load_address>
         <run_address>0xfa07</run_address>
         <size>0x109</size>
         <input_file_ref idref="fl-dd"/>
      </object_component>
      <object_component id="oc-221">
         <name>.debug_info</name>
         <load_address>0xfb10</load_address>
         <run_address>0xfb10</run_address>
         <size>0x109</size>
         <input_file_ref idref="fl-dd"/>
      </object_component>
      <object_component id="oc-260">
         <name>.debug_info</name>
         <load_address>0xfc19</load_address>
         <run_address>0xfc19</run_address>
         <size>0x176</size>
         <input_file_ref idref="fl-de"/>
      </object_component>
      <object_component id="oc-252">
         <name>.debug_info</name>
         <load_address>0xfd8f</load_address>
         <run_address>0xfd8f</run_address>
         <size>0x324</size>
         <input_file_ref idref="fl-df"/>
      </object_component>
      <object_component id="oc-20e">
         <name>.debug_info</name>
         <load_address>0x100b3</load_address>
         <run_address>0x100b3</run_address>
         <size>0x1ec</size>
         <input_file_ref idref="fl-df"/>
      </object_component>
      <object_component id="oc-309">
         <name>.debug_info</name>
         <load_address>0x1029f</load_address>
         <run_address>0x1029f</run_address>
         <size>0x373</size>
         <input_file_ref idref="fl-e0"/>
      </object_component>
      <object_component id="oc-2b5">
         <name>.debug_info</name>
         <load_address>0x10612</load_address>
         <run_address>0x10612</run_address>
         <size>0x1bc</size>
         <input_file_ref idref="fl-e0"/>
      </object_component>
      <object_component id="oc-30f">
         <name>.debug_info</name>
         <load_address>0x107ce</load_address>
         <run_address>0x107ce</run_address>
         <size>0x378</size>
         <input_file_ref idref="fl-e1"/>
      </object_component>
      <object_component id="oc-2c7">
         <name>.debug_info</name>
         <load_address>0x10b46</load_address>
         <run_address>0x10b46</run_address>
         <size>0x210</size>
         <input_file_ref idref="fl-e1"/>
      </object_component>
      <object_component id="oc-305">
         <name>.debug_info</name>
         <load_address>0x10d56</load_address>
         <run_address>0x10d56</run_address>
         <size>0x3a3</size>
         <input_file_ref idref="fl-e2"/>
      </object_component>
      <object_component id="oc-2b1">
         <name>.debug_info</name>
         <load_address>0x110f9</load_address>
         <run_address>0x110f9</run_address>
         <size>0x20c</size>
         <input_file_ref idref="fl-e2"/>
      </object_component>
      <object_component id="oc-30b">
         <name>.debug_info</name>
         <load_address>0x11305</load_address>
         <run_address>0x11305</run_address>
         <size>0x377</size>
         <input_file_ref idref="fl-e3"/>
      </object_component>
      <object_component id="oc-2bc">
         <name>.debug_info</name>
         <load_address>0x1167c</load_address>
         <run_address>0x1167c</run_address>
         <size>0x1fb</size>
         <input_file_ref idref="fl-e3"/>
      </object_component>
      <object_component id="oc-319">
         <name>.debug_info</name>
         <load_address>0x11877</load_address>
         <run_address>0x11877</run_address>
         <size>0x3d5</size>
         <input_file_ref idref="fl-e4"/>
      </object_component>
      <object_component id="oc-2d2">
         <name>.debug_info</name>
         <load_address>0x11c4c</load_address>
         <run_address>0x11c4c</run_address>
         <size>0x236</size>
         <input_file_ref idref="fl-e4"/>
      </object_component>
      <object_component id="oc-311">
         <name>.debug_info</name>
         <load_address>0x11e82</load_address>
         <run_address>0x11e82</run_address>
         <size>0x396</size>
         <input_file_ref idref="fl-e5"/>
      </object_component>
      <object_component id="oc-2cc">
         <name>.debug_info</name>
         <load_address>0x12218</load_address>
         <run_address>0x12218</run_address>
         <size>0x1c6</size>
         <input_file_ref idref="fl-e5"/>
      </object_component>
      <object_component id="oc-30d">
         <name>.debug_info</name>
         <load_address>0x123de</load_address>
         <run_address>0x123de</run_address>
         <size>0x378</size>
         <input_file_ref idref="fl-e6"/>
      </object_component>
      <object_component id="oc-2c2">
         <name>.debug_info</name>
         <load_address>0x12756</load_address>
         <run_address>0x12756</run_address>
         <size>0x200</size>
         <input_file_ref idref="fl-e6"/>
      </object_component>
      <object_component id="oc-32d">
         <name>.debug_info</name>
         <load_address>0x12956</load_address>
         <run_address>0x12956</run_address>
         <size>0x2bb</size>
         <input_file_ref idref="fl-e7"/>
      </object_component>
      <object_component id="oc-32a">
         <name>.debug_info</name>
         <load_address>0x12c11</load_address>
         <run_address>0x12c11</run_address>
         <size>0x108</size>
         <input_file_ref idref="fl-e7"/>
      </object_component>
      <object_component id="oc-2fc">
         <name>.debug_info</name>
         <load_address>0x12d19</load_address>
         <run_address>0x12d19</run_address>
         <size>0x1df</size>
         <input_file_ref idref="fl-e7"/>
      </object_component>
      <object_component id="oc-2ff">
         <name>.debug_info</name>
         <load_address>0x12ef8</load_address>
         <run_address>0x12ef8</run_address>
         <size>0x19a</size>
         <input_file_ref idref="fl-e7"/>
      </object_component>
      <object_component id="oc-28d">
         <name>.debug_info</name>
         <load_address>0x13092</load_address>
         <run_address>0x13092</run_address>
         <size>0x397</size>
         <input_file_ref idref="fl-e9"/>
      </object_component>
      <object_component id="oc-24c">
         <name>.debug_info</name>
         <load_address>0x13429</load_address>
         <run_address>0x13429</run_address>
         <size>0x195</size>
         <input_file_ref idref="fl-e9"/>
      </object_component>
      <object_component id="oc-2f7">
         <name>.debug_info</name>
         <load_address>0x135be</load_address>
         <run_address>0x135be</run_address>
         <size>0x3a5</size>
         <input_file_ref idref="fl-ea"/>
      </object_component>
      <object_component id="oc-2a5">
         <name>.debug_info</name>
         <load_address>0x13963</load_address>
         <run_address>0x13963</run_address>
         <size>0x1f3</size>
         <input_file_ref idref="fl-ea"/>
      </object_component>
      <object_component id="oc-354">
         <name>.debug_info</name>
         <load_address>0x13b56</load_address>
         <run_address>0x13b56</run_address>
         <size>0x42c</size>
         <input_file_ref idref="fl-eb"/>
      </object_component>
      <object_component id="oc-34f">
         <name>.debug_info</name>
         <load_address>0x13f82</load_address>
         <run_address>0x13f82</run_address>
         <size>0x192</size>
         <input_file_ref idref="fl-eb"/>
      </object_component>
      <object_component id="oc-320">
         <name>.debug_info</name>
         <load_address>0x14114</load_address>
         <run_address>0x14114</run_address>
         <size>0x1eb</size>
         <input_file_ref idref="fl-eb"/>
      </object_component>
      <object_component id="oc-357">
         <name>.debug_info</name>
         <load_address>0x142ff</load_address>
         <run_address>0x142ff</run_address>
         <size>0xea</size>
         <input_file_ref idref="fl-eb"/>
      </object_component>
      <object_component id="oc-36f">
         <name>.debug_info</name>
         <load_address>0x143e9</load_address>
         <run_address>0x143e9</run_address>
         <size>0x2c</size>
         <input_file_ref idref="fl-eb"/>
      </object_component>
      <object_component id="oc-363">
         <name>.debug_info</name>
         <load_address>0x14415</load_address>
         <run_address>0x14415</run_address>
         <size>0x29a</size>
         <input_file_ref idref="fl-ec"/>
      </object_component>
      <object_component id="oc-343">
         <name>.debug_info</name>
         <load_address>0x146af</load_address>
         <run_address>0x146af</run_address>
         <size>0x262</size>
         <input_file_ref idref="fl-ec"/>
      </object_component>
      <object_component id="oc-379">
         <name>.debug_info</name>
         <load_address>0x14911</load_address>
         <run_address>0x14911</run_address>
         <size>0x28a</size>
         <input_file_ref idref="fl-ed"/>
      </object_component>
      <object_component id="oc-367">
         <name>.debug_info</name>
         <load_address>0x14b9b</load_address>
         <run_address>0x14b9b</run_address>
         <size>0x273</size>
         <input_file_ref idref="fl-ed"/>
      </object_component>
      <object_component id="oc-33c">
         <name>.debug_info</name>
         <load_address>0x14e0e</load_address>
         <run_address>0x14e0e</run_address>
         <size>0x2a4</size>
         <input_file_ref idref="fl-ee"/>
      </object_component>
      <object_component id="oc-315">
         <name>.debug_info</name>
         <load_address>0x150b2</load_address>
         <run_address>0x150b2</run_address>
         <size>0x24d</size>
         <input_file_ref idref="fl-ee"/>
      </object_component>
      <object_component id="oc-365">
         <name>.debug_info</name>
         <load_address>0x152ff</load_address>
         <run_address>0x152ff</run_address>
         <size>0x2af</size>
         <input_file_ref idref="fl-ef"/>
      </object_component>
      <object_component id="oc-34a">
         <name>.debug_info</name>
         <load_address>0x155ae</load_address>
         <run_address>0x155ae</run_address>
         <size>0x277</size>
         <input_file_ref idref="fl-ef"/>
      </object_component>
      <object_component id="oc-31e">
         <name>.debug_info</name>
         <load_address>0x15825</load_address>
         <run_address>0x15825</run_address>
         <size>0x3cf</size>
         <input_file_ref idref="fl-f1"/>
      </object_component>
      <object_component id="oc-2ea">
         <name>.debug_info</name>
         <load_address>0x15bf4</load_address>
         <run_address>0x15bf4</run_address>
         <size>0x195</size>
         <input_file_ref idref="fl-f1"/>
      </object_component>
      <object_component id="oc-326">
         <name>.debug_info</name>
         <load_address>0x15d89</load_address>
         <run_address>0x15d89</run_address>
         <size>0x3d1</size>
         <input_file_ref idref="fl-f2"/>
      </object_component>
      <object_component id="oc-2f3">
         <name>.debug_info</name>
         <load_address>0x1615a</load_address>
         <run_address>0x1615a</run_address>
         <size>0x1a5</size>
         <input_file_ref idref="fl-f2"/>
      </object_component>
      <object_component id="oc-3b2">
         <name>.debug_info</name>
         <load_address>0x162ff</load_address>
         <run_address>0x162ff</run_address>
         <size>0xa3</size>
      </object_component>
      <object_component id="oc-15c">
         <name>.debug_line</name>
         <load_address>0x0</load_address>
         <run_address>0x0</run_address>
         <size>0x20</size>
         <input_file_ref idref="fl-2"/>
      </object_component>
      <object_component id="oc-15a">
         <name>.debug_line</name>
         <load_address>0x20</load_address>
         <run_address>0x20</run_address>
         <size>0x2c</size>
         <input_file_ref idref="fl-2"/>
      </object_component>
      <object_component id="oc-72">
         <name>.debug_line</name>
         <load_address>0x4c</load_address>
         <run_address>0x4c</run_address>
         <size>0x191</size>
         <input_file_ref idref="fl-2"/>
      </object_component>
      <object_component id="oc-d1">
         <name>.debug_line</name>
         <load_address>0x1dd</load_address>
         <run_address>0x1dd</run_address>
         <size>0x58</size>
         <input_file_ref idref="fl-2"/>
      </object_component>
      <object_component id="oc-e0">
         <name>.debug_line</name>
         <load_address>0x235</load_address>
         <run_address>0x235</run_address>
         <size>0x2c</size>
         <input_file_ref idref="fl-2"/>
      </object_component>
      <object_component id="oc-160">
         <name>.debug_line</name>
         <load_address>0x261</load_address>
         <run_address>0x261</run_address>
         <size>0x5b</size>
         <input_file_ref idref="fl-2"/>
      </object_component>
      <object_component id="oc-e8">
         <name>.debug_line</name>
         <load_address>0x2bc</load_address>
         <run_address>0x2bc</run_address>
         <size>0x6f</size>
         <input_file_ref idref="fl-2"/>
      </object_component>
      <object_component id="oc-c7">
         <name>.debug_line</name>
         <load_address>0x32b</load_address>
         <run_address>0x32b</run_address>
         <size>0x20</size>
         <input_file_ref idref="fl-2"/>
      </object_component>
      <object_component id="oc-165">
         <name>.debug_line</name>
         <load_address>0x34b</load_address>
         <run_address>0x34b</run_address>
         <size>0x73</size>
         <input_file_ref idref="fl-2"/>
      </object_component>
      <object_component id="oc-cc">
         <name>.debug_line</name>
         <load_address>0x3be</load_address>
         <run_address>0x3be</run_address>
         <size>0x70</size>
         <input_file_ref idref="fl-2"/>
      </object_component>
      <object_component id="oc-186">
         <name>.debug_line</name>
         <load_address>0x42e</load_address>
         <run_address>0x42e</run_address>
         <size>0x3c</size>
         <input_file_ref idref="fl-3"/>
      </object_component>
      <object_component id="oc-184">
         <name>.debug_line</name>
         <load_address>0x46a</load_address>
         <run_address>0x46a</run_address>
         <size>0x2d</size>
         <input_file_ref idref="fl-3"/>
      </object_component>
      <object_component id="oc-77">
         <name>.debug_line</name>
         <load_address>0x497</load_address>
         <run_address>0x497</run_address>
         <size>0x107</size>
         <input_file_ref idref="fl-3"/>
      </object_component>
      <object_component id="oc-1eb">
         <name>.debug_line</name>
         <load_address>0x59e</load_address>
         <run_address>0x59e</run_address>
         <size>0x75</size>
         <input_file_ref idref="fl-4"/>
      </object_component>
      <object_component id="oc-d7">
         <name>.debug_line</name>
         <load_address>0x613</load_address>
         <run_address>0x613</run_address>
         <size>0xeb</size>
         <input_file_ref idref="fl-4"/>
      </object_component>
      <object_component id="oc-e4">
         <name>.debug_line</name>
         <load_address>0x6fe</load_address>
         <run_address>0x6fe</run_address>
         <size>0x40</size>
         <input_file_ref idref="fl-5"/>
      </object_component>
      <object_component id="oc-7d">
         <name>.debug_line</name>
         <load_address>0x73e</load_address>
         <run_address>0x73e</run_address>
         <size>0x40</size>
         <input_file_ref idref="fl-5"/>
      </object_component>
      <object_component id="oc-6f">
         <name>.debug_line</name>
         <load_address>0x77e</load_address>
         <run_address>0x77e</run_address>
         <size>0x71</size>
         <input_file_ref idref="fl-5"/>
      </object_component>
      <object_component id="oc-38">
         <name>.debug_line</name>
         <load_address>0x7ef</load_address>
         <run_address>0x7ef</run_address>
         <size>0x20</size>
         <input_file_ref idref="fl-5"/>
      </object_component>
      <object_component id="oc-1a8">
         <name>.debug_line</name>
         <load_address>0x80f</load_address>
         <run_address>0x80f</run_address>
         <size>0x3b</size>
         <input_file_ref idref="fl-6"/>
      </object_component>
      <object_component id="oc-b3">
         <name>.debug_line</name>
         <load_address>0x84a</load_address>
         <run_address>0x84a</run_address>
         <size>0x134</size>
         <input_file_ref idref="fl-6"/>
      </object_component>
      <object_component id="oc-23b">
         <name>.debug_line</name>
         <load_address>0x97e</load_address>
         <run_address>0x97e</run_address>
         <size>0x2a</size>
         <input_file_ref idref="fl-c0"/>
      </object_component>
      <object_component id="oc-179">
         <name>.debug_line</name>
         <load_address>0x9a8</load_address>
         <run_address>0x9a8</run_address>
         <size>0x8c</size>
         <input_file_ref idref="fl-c0"/>
      </object_component>
      <object_component id="oc-175">
         <name>.debug_line</name>
         <load_address>0xa34</load_address>
         <run_address>0xa34</run_address>
         <size>0xd2</size>
         <input_file_ref idref="fl-c1"/>
      </object_component>
      <object_component id="oc-1e3">
         <name>.debug_line</name>
         <load_address>0xb06</load_address>
         <run_address>0xb06</run_address>
         <size>0x77</size>
         <input_file_ref idref="fl-c2"/>
      </object_component>
      <object_component id="oc-22f">
[...]
      <symbol id="sm-100">
         <name>servo_write</name>
         <value>0x93b</value>
         <object_component_ref idref="oc-d3"/>
      </symbol>
      <symbol id="sm-11a">
         <name>Reset_Handler</name>
         <value>0x20fd</value>
         <object_component_ref idref="oc-6a"/>
      </symbol>
      <symbol id="sm-11b">
         <name>Default_Handler</name>
         <value>0x2109</value>
         <object_component_ref idref="oc-6a"/>
      </symbol>
      <symbol id="sm-11c">
         <name>interruptVectors</name>
         <value>0x0</value>
         <object_component_ref idref="oc-26"/>
      </symbol>
      <symbol id="sm-164">
         <name>SystemInit</name>
         <value>0x839</value>
         <object_component_ref idref="oc-b2"/>
      </symbol>
      <symbol id="sm-165">
         <name>SystemCoreClockUpdate</name>
         <value>0x5c1</value>
         <object_component_ref idref="oc-b2"/>
      </symbol>
      <symbol id="sm-166">
         <name>SystemCoreClock</name>
         <value>0x200005e8</value>
         <object_component_ref idref="oc-144"/>
      </symbol>
      <symbol id="sm-17e">
         <name>roundl</name>
         <value>0x14f1</value>
         <object_component_ref idref="oc-176"/>
      </symbol>
      <symbol id="sm-17f">
         <name>round</name>
         <value>0x14f1</value>
         <object_component_ref idref="oc-176"/>
      </symbol>
      <symbol id="sm-196">
         <name>__aeabi_dsub</name>
         <value>0xbbd</value>
         <object_component_ref idref="oc-171"/>
      </symbol>
      <symbol id="sm-197">
         <name>__aeabi_dadd</name>
         <value>0xbc7</value>
         <object_component_ref idref="oc-171"/>
      </symbol>
      <symbol id="sm-1b9">
         <name>__aeabi_cdcmpeq</name>
         <value>0x164d</value>
         <object_component_ref idref="oc-1e2"/>
      </symbol>
      <symbol id="sm-1ba">
         <name>__aeabi_cdcmple</name>
         <value>0x164d</value>
         <object_component_ref idref="oc-1e2"/>
      </symbol>
      <symbol id="sm-1bb">
         <name>__aeabi_cdrcmple</name>
         <value>0x16d3</value>
         <object_component_ref idref="oc-22d"/>
      </symbol>
      <symbol id="sm-1c6">
         <name>__aeabi_dmul</name>
         <value>0x113d</value>
         <object_component_ref idref="oc-16c"/>
      </symbol>
      <symbol id="sm-1d0">
         <name>__aeabi_d2iz</name>
         <value>0x1cbd</value>
         <object_component_ref idref="oc-17c"/>
      </symbol>
      <symbol id="sm-1da">
         <name>__aeabi_i2d</name>
         <value>0x1f51</value>
         <object_component_ref idref="oc-167"/>
      </symbol>
      <symbol id="sm-1f3">
         <name>__TI_zero_init_nomemset</name>
         <value>0x2061</value>
         <object_component_ref idref="oc-46"/>
      </symbol>
      <symbol id="sm-20a">
         <name>__TI_decompress_none</name>
         <value>0x20ef</value>
         <object_component_ref idref="oc-1d"/>
      </symbol>
      <symbol id="sm-22d">
         <name>__TI_decompress_lzss</name>
         <value>0x198d</value>
         <object_component_ref idref="oc-17"/>
      </symbol>
      <symbol id="sm-241">
         <name>_abort_msg</name>
         <value>0x2045</value>
         <object_component_ref idref="oc-b9"/>
      </symbol>
      <symbol id="sm-256">
         <name>__TI_tmpnams</name>
         <value>0x2000070c</value>
      </symbol>
      <symbol id="sm-257">
         <name>__aeabi_stdout</name>
         <value>0x200005c0</value>
         <object_component_ref idref="oc-1c9"/>
      </symbol>
      <symbol id="sm-258">
         <name>__aeabi_stderr</name>
         <value>0x200005c4</value>
         <object_component_ref idref="oc-1c9"/>
      </symbol>
      <symbol id="sm-259">
         <name>__aeabi_stdin</name>
         <value>0x200005bc</value>
         <object_component_ref idref="oc-1c9"/>
      </symbol>
      <symbol id="sm-25a">
         <name>_ftable</name>
         <value>0x20000400</value>
         <object_component_ref idref="oc-154"/>
      </symbol>
      <symbol id="sm-25b">
         <name>__TI_ft_end</name>
         <value>0x200005b8</value>
         <object_component_ref idref="oc-1c9"/>
      </symbol>
      <symbol id="sm-26e">
         <name>__stack</name>
         <value>0x2000fe00</value>
         <object_component_ref idref="oc-29"/>
      </symbol>
      <symbol id="sm-26f">
         <name>_c_int00_noargs</name>
         <value>0x1eed</value>
         <object_component_ref idref="oc-58"/>
      </symbol>
      <symbol id="sm-296">
         <name>floorl</name>
         <value>0x1239</value>
         <object_component_ref idref="oc-1dc"/>
      </symbol>
      <symbol id="sm-297">
         <name>floor</name>
         <value>0x1239</value>
         <object_component_ref idref="oc-1dc"/>
      </symbol>
      <symbol id="sm-2b8">
         <name>__TI_doflush</name>
         <value>0x1c29</value>
         <object_component_ref idref="oc-1bb"/>
      </symbol>
      <symbol id="sm-2b9">
         <name>fflush</name>
         <value>0x1759</value>
         <object_component_ref idref="oc-14e"/>
      </symbol>
      <symbol id="sm-2d7">
         <name>fputs</name>
         <value>0xf21</value>
         <object_component_ref idref="oc-148"/>
      </symbol>
      <symbol id="sm-2ef">
         <name>__TI_wrt_ok</name>
         <value>0x1a59</value>
         <object_component_ref idref="oc-1a9"/>
      </symbol>
      <symbol id="sm-30b">
         <name>setvbuf</name>
         <value>0x1415</value>
         <object_component_ref idref="oc-213"/>
      </symbol>
      <symbol id="sm-326">
         <name>memcpy</name>
         <value>0x15b1</value>
         <object_component_ref idref="oc-3a"/>
      </symbol>
      <symbol id="sm-327">
         <name>__aeabi_memcpy</name>
         <value>0x15b1</value>
         <object_component_ref idref="oc-3a"/>
      </symbol>
      <symbol id="sm-328">
         <name>__aeabi_memcpy8</name>
         <value>0x15b1</value>
         <object_component_ref idref="oc-3a"/>
      </symbol>
      <symbol id="sm-329">
         <name>__aeabi_memcpy4</name>
         <value>0x15b1</value>
         <object_component_ref idref="oc-3a"/>
      </symbol>
      <symbol id="sm-352">
         <name>__TI_auto_init_nobinit_nopinit</name>
         <value>0x1d8d</value>
         <object_component_ref idref="oc-112"/>
      </symbol>
      <symbol id="sm-35c">
         <name>_system_pre_init</name>
         <value>0x2113</value>
         <object_component_ref idref="oc-a0"/>
      </symbol>
      <symbol id="sm-383">
         <name>C$$EXIT</name>
         <value>0x2117</value>
         <object_component_ref idref="oc-106"/>
      </symbol>
      <symbol id="sm-384">
         <name>abort</name>
         <value>0x2117</value>
         <object_component_ref idref="oc-106"/>
      </symbol>
      <symbol id="sm-385">
         <name>__TI_dtors_ptr</name>
         <value>0x200005cc</value>
         <object_component_ref idref="oc-188"/>
      </symbol>
      <symbol id="sm-386">
         <name>__TI_cleanup_ptr</name>
         <value>0x200005c8</value>
         <object_component_ref idref="oc-188"/>
      </symbol>
      <symbol id="sm-387">
         <name>__TI_enable_exit_profile_output</name>
         <value>0x200005d0</value>
         <object_component_ref idref="oc-188"/>
      </symbol>
      <symbol id="sm-388">
         <name>exit</name>
         <value>0x1c75</value>
         <object_component_ref idref="oc-10c"/>
      </symbol>
      <symbol id="sm-39d">
         <name>_nop</name>
         <value>0xd73</value>
         <object_component_ref idref="oc-1ee"/>
      </symbol>
      <symbol id="sm-39e">
         <name>_lock</name>
         <value>0x200005d4</value>
         <object_component_ref idref="oc-18b"/>
      </symbol>
      <symbol id="sm-39f">
         <name>_unlock</name>
         <value>0x200005d8</value>
         <object_component_ref idref="oc-18b"/>
      </symbol>
      <symbol id="sm-3b0">
         <name>memchr</name>
         <value>0x2025</value>
         <object_component_ref idref="oc-1b5"/>
      </symbol>
      <symbol id="sm-439">
         <name>_sys_memory</name>
         <value>0x20000000</value>
         <object_component_ref idref="oc-2c"/>
      </symbol>
      <symbol id="sm-43a">
         <name>free</name>
         <value>0x1331</value>
         <object_component_ref idref="oc-253"/>
      </symbol>
      <symbol id="sm-43b">
         <name>memalign</name>
         <value>0x1035</value>
         <object_component_ref idref="oc-29d"/>
      </symbol>
      <symbol id="sm-43c">
         <name>malloc</name>
         <value>0x210b</value>
         <object_component_ref idref="oc-259"/>
      </symbol>
      <symbol id="sm-43d">
         <name>aligned_alloc</name>
         <value>0x1035</value>
         <object_component_ref idref="oc-29d"/>
      </symbol>
      <symbol id="sm-44b">
         <name>strlen</name>
         <value>0x20db</value>
         <object_component_ref idref="oc-1af"/>
      </symbol>
      <symbol id="sm-465">
         <name>write</name>
         <value>0x1ffd</value>
         <object_component_ref idref="oc-1c1"/>
      </symbol>
      <symbol id="sm-476">
         <name>_stream</name>
         <value>0x20000568</value>
         <object_component_ref idref="oc-220"/>
      </symbol>
      <symbol id="sm-477">
         <name>_device</name>
         <value>0x200004f0</value>
         <object_component_ref idref="oc-272"/>
      </symbol>
      <symbol id="sm-487">
         <name>__TI_cleanup</name>
         <value>0x1e85</value>
         <object_component_ref idref="oc-25f"/>
      </symbol>
      <symbol id="sm-499">
         <name>fseek</name>
         <value>0x19f5</value>
         <object_component_ref idref="oc-20d"/>
      </symbol>
      <symbol id="sm-4aa">
         <name>HOSTclose</name>
         <value>0x1d05</value>
         <object_component_ref idref="oc-2b3"/>
      </symbol>
      <symbol id="sm-4bb">
         <name>HOSTlseek</name>
         <value>0x1925</value>
         <object_component_ref idref="oc-2c5"/>
      </symbol>
      <symbol id="sm-4cd">
         <name>parmbuf</name>
         <value>0x200007c0</value>
      </symbol>
      <symbol id="sm-4ce">
         <name>HOSTopen</name>
         <value>0x1abd</value>
         <object_component_ref idref="oc-2ad"/>
      </symbol>
      <symbol id="sm-4df">
         <name>HOSTread</name>
         <value>0x1b79</value>
         <object_component_ref idref="oc-2b9"/>
      </symbol>
      <symbol id="sm-4f0">
         <name>HOSTrename</name>
         <value>0x18b9</value>
         <object_component_ref idref="oc-2d1"/>
      </symbol>
      <symbol id="sm-501">
         <name>HOSTunlink</name>
         <value>0x1d49</value>
         <object_component_ref idref="oc-2cb"/>
      </symbol>
      <symbol id="sm-512">
         <name>HOSTwrite</name>
         <value>0x1bd1</value>
         <object_component_ref idref="oc-2bf"/>
      </symbol>
      <symbol id="sm-536">
         <name>__TI_readmsg</name>
         <value>0x1eb9</value>
         <object_component_ref idref="oc-2fe"/>
      </symbol>
      <symbol id="sm-537">
         <name>C$$IO$$</name>
         <value>0x1e43</value>
         <object_component_ref idref="oc-2f8"/>
      </symbol>
      <symbol id="sm-538">
         <name>__CIOBUF_</name>
         <value>0x200005ec</value>
         <object_component_ref idref="oc-329"/>
      </symbol>
      <symbol id="sm-539">
         <name>__TI_writemsg</name>
         <value>0x1e15</value>
         <object_component_ref idref="oc-2f8"/>
      </symbol>
      <symbol id="sm-54a">
         <name>lseek</name>
         <value>0x1fd5</value>
         <object_component_ref idref="oc-24b"/>
      </symbol>
      <symbol id="sm-55f">
         <name>__TI_closefile</name>
         <value>0x17d5</value>
         <object_component_ref idref="oc-2a4"/>
      </symbol>
      <symbol id="sm-587">
         <name>finddevice</name>
         <value>0x1f21</value>
         <object_component_ref idref="oc-34d"/>
      </symbol>
      <symbol id="sm-588">
         <name>getdevice</name>
         <value>0x1dd1</value>
         <object_component_ref idref="oc-31f"/>
      </symbol>
      <symbol id="sm-598">
         <name>strchr</name>
         <value>0x20b1</value>
         <object_component_ref idref="oc-341"/>
      </symbol>
      <symbol id="sm-5a7">
         <name>strcmp</name>
         <value>0x2099</value>
         <object_component_ref idref="oc-366"/>
      </symbol>
      <symbol id="sm-5b5">
         <name>strcpy</name>
         <value>0x20c7</value>
         <object_component_ref idref="oc-312"/>
      </symbol>
      <symbol id="sm-5c5">
         <name>strncpy</name>
         <value>0x1e4d</value>
         <object_component_ref idref="oc-347"/>
      </symbol>
      <symbol id="sm-5da">
         <name>close</name>
         <value>0x1b1d</value>
         <object_component_ref idref="oc-2e9"/>
      </symbol>
      <symbol id="sm-5ea">
         <name>unlink</name>
         <value>0x1f81</value>
         <object_component_ref idref="oc-2ef"/>
      </symbol>
      <symbol id="sm-5eb">
         <name>__TI_static_base__</name>
         <value>0x0</value>
      </symbol>
      <symbol id="sm-5ee">
         <name>__mpu_init</name>
         <value>0x0</value>
      </symbol>
      <symbol id="sm-5ef">
         <name>_system_post_cinit</name>
         <value>0x0</value>
      </symbol>
      <symbol id="sm-5f0">
         <name>NMI_Handler</name>
         <value>0x2109</value>
      </symbol>
      <symbol id="sm-5f1">
         <name>HardFault_Handler</name>
         <value>0x2109</value>
      </symbol>
      <symbol id="sm-5f2">
         <name>MemManage_Handler</name>
         <value>0x2109</value>
      </symbol>
      <symbol id="sm-5f3">
         <name>BusFault_Handler</name>
         <value>0x2109</value>
      </symbol>
      <symbol id="sm-5f4">
         <name>UsageFault_Handler</name>
         <value>0x2109</value>
      </symbol>
      <symbol id="sm-5f5">
         <name>SVC_Handler</name>
         <value>0x2109</value>
      </symbol>
      <symbol id="sm-5f6">
         <name>DebugMon_Handler</name>
         <value>0x2109</value>
      </symbol>
      <symbol id="sm-5f7">
         <name>PendSV_Handler</name>
         <value>0x2109</value>
      </symbol>
      <symbol id="sm-5f8">
         <name>SysTick_Handler</name>
         <value>0x2109</value>
      </symbol>
      <symbol id="sm-5f9">
         <name>PSS_IRQHandler</name>
         <value>0x2109</value>
      </symbol>
      <symbol id="sm-5fa">
         <name>CS_IRQHandler</name>
         <value>0x2109</value>
      </symbol>
      <symbol id="sm-5fb">
         <name>PCM_IRQHandler</name>
         <value>0x2109</value>
      </symbol>
      <symbol id="sm-5fc">
         <name>WDT_A_IRQHandler</name>
         <value>0x2109</value>
      </symbol>
      <symbol id="sm-5fd">
         <name>FPU_IRQHandler</name>
         <value>0x2109</value>
      </symbol>
      <symbol id="sm-5fe">
         <name>FLCTL_IRQHandler</name>
         <value>0x2109</value>
      </symbol>
      <symbol id="sm-5ff">
         <name>COMP_E0_IRQHandler</name>
         <value>0x2109</value>
      </symbol>
      <symbol id="sm-600">
         <name>COMP_E1_IRQHandler</name>
         <value>0x2109</value>
      </symbol>
      <symbol id="sm-601">
         <name>TA0_0_IRQHandler</name>
         <value>0x2109</value>
      </symbol>
      <symbol id="sm-602">
         <name>TA0_N_IRQHandler</name>
         <value>0x2109</value>
      </symbol>
      <symbol id="sm-603">
         <name>TA1_0_IRQHandler</name>
         <value>0x2109</value>
      </symbol>
      <symbol id="sm-604">
         <name>TA1_N_IRQHandler</name>
         <value>0x2109</value>
      </symbol>
      <symbol id="sm-605">
         <name>TA2_0_IRQHandler</name>
         <value>0x2109</value>
      </symbol>
      <symbol id="sm-606">
         <name>TA2_N_IRQHandler</name>
         <value>0x2109</value>
      </symbol>
      <symbol id="sm-607">
         <name>TA3_0_IRQHandler</name>
         <value>0x2109</value>
      </symbol>
      <symbol id="sm-608">
         <name>TA3_N_IRQHandler</name>
         <value>0x2109</value>
      </symbol>
      <symbol id="sm-609">
         <name>EUSCIA0_IRQHandler</name>
         <value>0x2109</value>
      </symbol>
      <symbol id="sm-60a">
         <name>EUSCIA1_IRQHandler</name>
         <value>0x2109</value>
      </symbol>
      <symbol id="sm-60b">
         <name>EUSCIA2_IRQHandler</name>
         <value>0x2109</value>
      </symbol>
      <symbol id="sm-60c">
         <name>EUSCIA3_IRQHandler</name>
         <value>0x2109</value>
      </symbol>
      <symbol id="sm-60d">
         <name>EUSCIB0_IRQHandler</name>
         <value>0x40d</value>
      </symbol>
      <symbol id="sm-60e">
         <name>EUSCIB1_IRQHandler</name>
         <value>0x2109</value>
      </symbol>
      <symbol id="sm-60f">
         <name>EUSCIB2_IRQHandler</name>
         <value>0x2109</value>
      </symbol>
      <symbol id="sm-610">
         <name>EUSCIB3_IRQHandler</name>
         <value>0x2109</value>
      </symbol>
      <symbol id="sm-611">
         <name>ADC14_IRQHandler</name>
         <value>0x2109</value>
      </symbol>
      <symbol id="sm-612">
         <name>T32_INT1_IRQHandler</name>
         <value>0x2109</value>
      </symbol>
      <symbol id="sm-613">
         <name>T32_INT2_IRQHandler</name>
         <value>0x2109</value>
      </symbol>
      <symbol id="sm-614">
         <name>T32_INTC_IRQHandler</name>
         <value>0x2109</value>
      </symbol>
      <symbol id="sm-615">
         <name>AES256_IRQHandler</name>
         <value>0x2109</value>
      </symbol>
      <symbol id="sm-616">
         <name>RTC_C_IRQHandler</name>
         <value>0x2109</value>
      </symbol>
      <symbol id="sm-617">
         <name>DMA_ERR_IRQHandler</name>
         <value>0x2109</value>
      </symbol>
      <symbol id="sm-618">
         <name>DMA_INT3_IRQHandler</name>
         <value>0x2109</value>
      </symbol>
      <symbol id="sm-619">
         <name>DMA_INT2_IRQHandler</name>
         <value>0x2109</value>
      </symbol>
      <symbol id="sm-61a">
         <name>DMA_INT1_IRQHandler</name>
         <value>0x2109</value>
      </symbol>
      <symbol id="sm-61b">
         <name>DMA_INT0_IRQHandler</name>
         <value>0x2109</value>
      </symbol>
      <symbol id="sm-61c">
         <name>PORT1_IRQHandler</name>
         <value>0xeb9</value>
      </symbol>
      <symbol id="sm-61d">
         <name>PORT2_IRQHandler</name>
         <value>0x2109</value>
      </symbol>
      <symbol id="sm-61e">
         <name>PORT3_IRQHandler</name>
         <value>0x2109</value>
      </symbol>
      <symbol id="sm-61f">
         <name>PORT4_IRQHandler</name>
         <value>0x2109</value>
      </symbol>
      <symbol id="sm-620">
         <name>PORT5_IRQHandler</name>
         <value>0x2109</value>
      </symbol>
      <symbol id="sm-621">
         <name>PORT6_IRQHandler</name>
         <value>0x2109</value>
      </symbol>
      <symbol id="sm-622">
         <name>remove</name>
         <value>0x1f81</value>
      </symbol>
   </symbol_table>
   <title>Link successful</title>
</link_info>
